| *********************************************************************************************************
| **                                                                                                     **
| **           888888888888                                                                              **
| **         8888888888888888                                                                            **
| **      888888888888888888                                                                             **
| **     888888888888888888                                                                              **
| **    888888888888888                                                                                  **
| **   88888888888888888888                               88888                       8888:              **
| **   8888888888888888888888Z                            88888                       8888:              **
| **   888888888888888888888888?                          88888                       8888:              **
| **   8888888888888      8888888                                        888888       8888:              **
| **    88888888888         888888     8888:     88888    88888        888888888I     8888:    888888    **
| **    8888888888           88888:    8888:     88888    88888      $888888888888    8888:   888888     **
| **    I8Z 88888             88888    8888:     88888    88888    .888888     8888   8888: 888888       **
| **    .8Z 88888             88888    8888:     88888    88888    $88888             8888:88888         **
| **     8I 88888      .=88. .88888    8888:     88888    88888    88888              8888888888         **
| **    :8  88888      888888$8888$    8888:     88888    88888    8888O              88888888888        **
| **   ,7   +88888.     8888888888.    8888:     88888    88888    888888             88888O888888       **
| **         $888888:.   .8888888      88888....888888    88888     888888     8888   8888:  888888      **
| **          I8888888888888888888     888888888888888    88888     O888888888888O    8888:   888888     **
| **            O888888888888888888     88888888888888    88888       88888888888$    8888:    888888    **
| **               8888888Z     888      .8888I  88888    88888         8888888       8888:     888888   **
| **                                                                                                     **
| **                                                                                                     **
| **                                         Copyright (c) 2025                                          **
| **                          Regents of the University of California San Diego                          **
| **                                    & Michigan State University                                      **
| **                                        All Rights Reserved.                                         **
| **                                                                                                     **
| **             This software is subject to the terms of the Mozilla Public License, v. 2.0.            **
| **                                                                                                     **
| *********************************************************************************************************
|                                                                                                          
| Cite this work as:                                                                                       
| Manathunga, M.; O'Hearn, K. A.; Shajan, A.; Smith, J.; Miao, Y.; He, X.; Ayers, K.;                      
| Brothers, E.; Palos, E.; Tripathy, V.; Goetz, A.W.; Merz, K.M. QUICK-25.03.                              
| University of California,San Diego, CA and                                                               
| Michigan State University, East Lansing, MI, 2025                                                        
|                                                                                                          
| If you have any comments or queries, please reach out to us on GitHub issues or discussion sections:     
| https://github.com/merzlab/QUICK.                                                                        
|                                                                                                          
| TASK STARTS ON: Thu Apr 17 15:43:40 2025
| INPUT FILE :    esp_charge_acetate_anion.in
| OUTPUT FILE:    esp_charge_acetate_anion.out
| BASIS SET PATH: /home/vtripathy/QUICK_dev/QUICK/install_cuda/basis

| - MPI Enabled -
| TOTAL RANKS     =     4
| MASTER NAME     = login01                       

 @ Read Job And Atom

  KEYWORD=UDFT B3LYP BASIS=DEF2-SVP XCCUTOFF=1.0E-12 BASISCUTOFF=1.0E-12 CUTOFF=1.0E-12 DENSERMS=1.0E-8 ESP_CHARGE ESPGRID_SPACING=0.25 CHARGE=-1
 ============== JOB CARD =============
 METHOD = DENSITY FUNCTIONAL THEORY
 USING LIBXC VERSION: 4.3.4
 FUNCTIONAL INFORMATION:
 NAME = B3LYP FAMILY = HYBRID GGA KIND = EXCHANGE CORRELATION
 DIRECT SCF 
 SAD INITAL GUESS 
 UNRESTRICTED SYSTEM
 USE DIIS SCF
 PRINT ENERGY EVERY CYCLE
 READ SAD GUESS FROM FILE
 STANDARD GRID = SG1
 ESP CHARGE CALCULATION
 ESP grids are created at 0.250 A spacing 
 Van der waals radii for ESP charges are obtained from J. Phys. Chem. 1964, 68, 3, 441â€“451
 MAX SCF CYCLES =    200
 MAX DIIS CYCLES =   10
 DELTA DENSITY START CYCLE =    3
 COMPUTATIONAL CUTOFF: 
      TWO-e INTEGRAL   =  0.100E-11
      BASIS SET PRIME  =  0.100E-12
      MATRIX ELEMENTS  =  0.100E-09
      BASIS FUNCTION   =  0.100E-11
 DENSITY MATRIX MAXIMUM RMS FOR CONVERGENCE  =  0.100E-07
 BASIS SET = DEF2-SVP,  TYPE = CARTESIAN
| BASIS FILE = /home/vtripathy/QUICK_dev/QUICK/install_cuda/basis/DEF2-SVP.BAS
| DATA FILE  =    esp_charge_acetate_anion.dat

 @ Finish reading job


 @ Begin SAD initial guess

 For Atom Kind =    1
 ELEMENT = C 
 BASIS FUNCTIONS =   15
 For Atom Kind =    2
 ELEMENT = H 
 BASIS FUNCTIONS =    5
 For Atom Kind =    3
 ELEMENT = O 
 BASIS FUNCTIONS =   15

 @ Finish SAD initial guess


 @ Begin Reading Molecular Information


 =========== Molecule Input ==========
 TOTAL MOLECULAR CHARGE  =   -1    MULTIPLICITY                =    1
 TOTAL ATOM NUMBER       =    7    NUMBER OF ATOM TYPES        =    3
 NUMBER OF HYDROGEN ATOM =    3    NUMBER OF NON-HYDROGEN ATOM =    4
 NUMBER OF ALPHA ELECTRONS =   16
 NUMBER OF BETA ELECTRONS  =   16

 -- INPUT GEOMETRY -- :
    C          -1.3727      -0.2391      -0.0038
    H          -1.6108      -0.8232       0.8853
    C           0.1185       0.0655      -0.0005
    O           0.5168       1.2592       0.0010
    H          -1.5834      -0.8323      -0.8690
    O           1.0669      -1.0047       0.0008
    H          -1.9499       0.6618      -0.0044

 -- DISTANCE MATRIX -- :
              1           2           3           4           5
      1     0.00000
      2     2.05980     0.00000
      3     2.87616     4.03749     0.00000
      4     4.55708     5.86881     2.37803     0.00000
      5     2.02201     3.31559     3.98941     5.83740     0.00000
      6     4.83188     5.34009     2.70231     4.40269     5.28129
      7     2.02201     3.33344     4.06793     4.79622     3.33478
              6           7
      6     0.00000
      7     6.51302     0.00000

============== BASIS INFOS ==============
 BASIS FUNCTIONS =   75
 NSHELL =   33 NPRIM  =  121
 JSHELL =   33 JBASIS =   63


 @ End Reading Molecular Information 


 @ Begin XC Quadrature Formation

 OCTAGO: OCTree Algorithm for Grid Operations 
   PRUNING CUTOFF       = 0.100E-11
   INITIAL GRID POINTS  =       26520
|   FINAL GRID POINTS    =       18271
|   SIGNIFICANT NUMBER OF BASIS FUNCTIONS     =       22042
|   SIGNIFICANT NUMBER OF PRIMITIVE FUNCTIONS =       25367

 @ End XC Quadrature Formation


 @ Begin Energy Calculation

                                         USCF ENERGY
| ------------------------------------------------------------------------------------------------------------------------
| NCYC       ENERGY         DELTA_E      SCF_TIME  DII_CYC   DII_TIME   O_TIME  DIAG_TIME    MAX_ERR    RMS_CHG    MAX_CHG
| ------------------------------------------------------------------------------------------------------------------------
|  1   -228.479105508      ------         0.528     1        0.01      0.52      0.00    0.1956E+01  0.1956E-01  0.2430E+00
|  2   -228.093110676  -.385995E+00       0.764     2        0.01      0.76      0.00    0.3038E+00  0.5878E-01  0.2645E+01
|  3   -227.640947616  -.452163E+00       0.726     3        0.01      0.72      0.00    0.5641E+00  0.5268E-01  0.2377E+01
|  4   -228.227623509  0.586676E+00       1.184     4        0.01      1.18      0.00    0.1433E+00  0.4942E-02  0.6412E-01
|  5   -228.302234154  0.746106E-01       0.715     5        0.01      0.71      0.00    0.4865E-01  0.1354E-02  0.2370E-01
|  6   -228.304097209  0.186306E-02       0.774     6        0.01      0.77      0.00    0.3178E-01  0.5510E-03  0.8732E-02
|  7   -228.306012622  0.191541E-02       0.718     7        0.01      0.71      0.00    0.3367E-02  0.1501E-03  0.2472E-02
|  8   -228.306048800  0.361774E-04       0.701     8        0.01      0.69      0.00    0.7470E-03  0.3766E-04  0.9904E-03
|  9   -228.306050545  0.174502E-05       0.711     9        0.01      0.70      0.00    0.1422E-03  0.7412E-05  0.1146E-03
| 10   -228.306050622  0.771782E-07       0.701    10        0.01      0.69      0.00    0.3038E-04  0.1399E-05  0.2401E-04
| 11   -228.306050626  0.422625E-08       0.695     1        0.01      0.69      0.00    0.7549E-05  0.3209E-06  0.3032E-05
| 12   -228.306050626  0.203556E-09       0.685     2        0.01      0.68      0.00    0.6436E-06  0.6013E-07  0.9416E-06
| 13   -228.306050626  0.426326E-11       0.679     3        0.06      0.62      0.00    0.1737E-06  0.1045E-07  0.1344E-06
| 14   -228.306050626  0.511591E-12       0.619     4        0.01      0.61      0.00    0.3304E-07  0.3711E-08  0.4605E-07
| ------------------------------------------------------------------------------------------------------------------------
| REACH CONVERGENCE AFTER  14 CYCLES
| MAX ERROR = 0.330447E-07   RMS CHANGE = 0.371057E-08   MAX CHANGE = 0.460529E-07
| -----------------------------------------------
 ALPHA ELECTRON DENSITY    =   15.9999784813
 BETA ELECTRON DENSITY     =   15.9999784813
 ELECTRONIC ENERGY    =   -336.630574504
 CORE_CORE REPULSION  =    108.324523877
 TOTAL ENERGY         =   -228.306050626

 @ End Energy calculation

 *** Printing Electrostatic Potential (ESP) at points on vdw surface to esp_charge_acetate_anion.vdw with coordinates in angstroms***
  ESP charges:
  ----------------
     1   C     -0.347408
     2   H      0.048759
     3   C      0.688615
     4   O     -0.693598
     5   H      0.052272
     6   O     -0.791282
     7   H      0.042642
  ----------------
  Net charge =  -1.000000
  

 @ Output Timing Information

------------- TIMING ---------------
| INITIAL GUESS TIME  =     0.689431000(  5.68%)
| DFT GRID OPERATIONS =     0.098196000(  0.81%)
| ESP COMPUTATION TIME =     0.947835000(  7.80%)
| ESP Surface Creation TIME =     0.090461000(  0.74%)
| ESP Charge COMPUTATION TIME =     0.003580000(  0.03%)
| TOTAL SCF TIME      =    10.201316000( 84.00%)
|       TOTAL OP TIME      =    10.042972000( 82.70%)
|             TOTAL 1e TIME      =     0.002048000(  0.02%)
|             TOTAL 2e TIME      =     6.314058000( 51.99%)
|             TOTAL EXC TIME     =     3.723577000( 30.66%)
|       TOTAL DII TIME      =     0.158339000(  1.30%)
|             TOTAL DIAG TIME    =     0.002207000(  0.02%)
| TOTAL TIME          =    12.144082000
------------------------------------
| Job cpu time:  0 days  0 hours  0 minutes 12.1 seconds.

 @ Finish Output Timing Information

| Normal Termination. Task Finished on: Thu Apr 17 15:43:53 2025
